mode: set
Minerva/test/unit/split.go:7.42,9.17 2 1
Minerva/test/unit/split.go:9.17,13.3 3 1
Minerva/test/unit/split.go:14.2,15.8 2 1
